{"timestamp":"2026-08-11T18:54:35.925821","level":"info","event":"DAG bundles loaded: dags-folder","logger":"airflow.dag_processing.bundles.manager.DagBundlesManager"}
{"timestamp":"2026-08-11T18:54:35.926826","level":"info","event":"Filling up the DagBag from /opt/airflow/dags/zomato_batch.py","logger":"airflow.models.dagbag.DagBag"}
{"timestamp":"2026-08-11T18:54:36.016091","level":"info","event":"Tmp dir root location: /tmp","logger":"airflow.task.hooks.airflow.providers.standard.hooks.subprocess.SubprocessHook"}
{"timestamp":"2026-08-11T18:54:36.017034","level":"info","event":"Running command: ['/usr/bin/bash', '-c', '/opt/airflow/dbt_venv/bin/dbt build --exclude tag:ai --project-dir /opt/airflow/dbt/zomato --profiles-dir /opt/airflow/dbt/zomato']","logger":"airflow.task.hooks.airflow.providers.standard.hooks.subprocess.SubprocessHook"}
{"timestamp":"2026-08-11T18:54:36.026621","level":"info","event":"Output:","logger":"airflow.task.hooks.airflow.providers.standard.hooks.subprocess.SubprocessHook"}
{"timestamp":"2026-08-11T18:54:38.033980","level":"info","event":"\u001b[0m18:54:38  Running with dbt=1.12.0","logger":"airflow.task.hooks.airflow.providers.standard.hooks.subprocess.SubprocessHook"}
{"timestamp":"2026-08-11T18:54:38.610767","level":"info","event":"\u001b[0m18:54:38  Registered adapter: snowflake=1.8.4","logger":"airflow.task.hooks.airflow.providers.standard.hooks.subprocess.SubprocessHook"}
{"timestamp":"2026-08-11T18:54:39.513494","level":"info","event":"\u001b[0m18:54:39  [\u001b[33mWARNING\u001b[0m]: Configuration paths exist in your dbt_project.yml file which do not apply to any resources.","logger":"airflow.task.hooks.airflow.providers.standard.hooks.subprocess.SubprocessHook"}
{"timestamp":"2026-08-11T18:54:39.513678","level":"info","event":"There are 1 unused configuration paths:","logger":"airflow.task.hooks.airflow.providers.standard.hooks.subprocess.SubprocessHook"}
{"timestamp":"2026-08-11T18:54:39.513742","level":"info","event":"- models.zomato.snapshots.zomato","logger":"airflow.task.hooks.airflow.providers.standard.hooks.subprocess.SubprocessHook"}
{"timestamp":"2026-08-11T18:54:39.948925","level":"info","event":"\u001b[0m18:54:39  Found 17 models, 16 data tests, 8 sources, 506 macros","logger":"airflow.task.hooks.airflow.providers.standard.hooks.subprocess.SubprocessHook"}
{"timestamp":"2026-08-11T18:54:39.952394","level":"info","event":"\u001b[0m18:54:39  [\u001b[33mWARNING\u001b[0m]: The selection criterion 'tag:ai' does not match any enabled nodes","logger":"airflow.task.hooks.airflow.providers.standard.hooks.subprocess.SubprocessHook"}
{"timestamp":"2026-08-11T18:54:39.956870","level":"info","event":"\u001b[0m18:54:39","logger":"airflow.task.hooks.airflow.providers.standard.hooks.subprocess.SubprocessHook"}
{"timestamp":"2026-08-11T18:54:39.958806","level":"info","event":"\u001b[0m18:54:39  Concurrency: 8 threads (target='dev')","logger":"airflow.task.hooks.airflow.providers.standard.hooks.subprocess.SubprocessHook"}
{"timestamp":"2026-08-11T18:54:39.960798","level":"info","event":"\u001b[0m18:54:39","logger":"airflow.task.hooks.airflow.providers.standard.hooks.subprocess.SubprocessHook"}
{"timestamp":"2026-08-11T18:54:42.109015","level":"info","event":"\u001b[0m18:54:42  1 of 33 START sql table model marts.dim_date ................................... [RUN]","logger":"airflow.task.hooks.airflow.providers.standard.hooks.subprocess.SubprocessHook"}
{"timestamp":"2026-08-11T18:54:42.111280","level":"info","event":"\u001b[0m18:54:42  2 of 33 START sql table model marts.mart_review_insights ....................... [RUN]","logger":"airflow.task.hooks.airflow.providers.standard.hooks.subprocess.SubprocessHook"}
{"timestamp":"2026-08-11T18:54:42.115184","level":"info","event":"\u001b[0m18:54:42  3 of 33 START sql view model staging.stg_food .................................. [RUN]","logger":"airflow.task.hooks.airflow.providers.standard.hooks.subprocess.SubprocessHook"}
{"timestamp":"2026-08-11T18:54:42.116846","level":"info","event":"\u001b[0m18:54:42  4 of 33 START sql view model staging.stg_menu .................................. [RUN]","logger":"airflow.task.hooks.airflow.providers.standard.hooks.subprocess.SubprocessHook"}
{"timestamp":"2026-08-11T18:54:42.119769","level":"info","event":"\u001b[0m18:54:42  6 of 33 START sql view model staging.stg_orders ................................ [RUN]","logger":"airflow.task.hooks.airflow.providers.standard.hooks.subprocess.SubprocessHook"}
{"timestamp":"2026-08-11T18:54:42.122131","level":"info","event":"\u001b[0m18:54:42  7 of 33 START sql view model staging.stg_restaurants ........................... [RUN]","logger":"airflow.task.hooks.airflow.providers.standard.hooks.subprocess.SubprocessHook"}
{"timestamp":"2026-08-11T18:54:42.124391","level":"info","event":"\u001b[0m18:54:42  5 of 33 START sql view model staging.stg_order_items ........................... [RUN]","logger":"airflow.task.hooks.airflow.providers.standard.hooks.subprocess.SubprocessHook"}
{"timestamp":"2026-08-11T18:54:42.126254","level":"info","event":"\u001b[0m18:54:42  8 of 33 START sql view model staging.stg_users ................................. [RUN]","logger":"airflow.task.hooks.airflow.providers.standard.hooks.subprocess.SubprocessHook"}
{"timestamp":"2026-08-11T18:54:43.093794","level":"info","event":"\u001b[0m18:54:43  2 of 33 ERROR creating sql table model marts.mart_review_insights .............. [\u001b[31mERROR\u001b[0m in 0.95s]","logger":"airflow.task.hooks.airflow.providers.standard.hooks.subprocess.SubprocessHook"}
{"timestamp":"2026-08-11T18:54:43.237125","level":"info","event":"\u001b[0m18:54:43  7 of 33 OK created sql view model staging.stg_restaurants ...................... [\u001b[32mSUCCESS 1\u001b[0m in 1.09s]","logger":"airflow.task.hooks.airflow.providers.standard.hooks.subprocess.SubprocessHook"}
{"timestamp":"2026-08-11T18:54:43.251962","level":"info","event":"\u001b[0m18:54:43  9 of 33 START test not_null_stg_restaurants_restaurant_id ...................... [RUN]","logger":"airflow.task.hooks.airflow.providers.standard.hooks.subprocess.SubprocessHook"}
{"timestamp":"2026-08-11T18:54:43.257440","level":"info","event":"\u001b[0m18:54:43  10 of 33 START test unique_stg_restaurants_restaurant_id ....................... [RUN]","logger":"airflow.task.hooks.airflow.providers.standard.hooks.subprocess.SubprocessHook"}
{"timestamp":"2026-08-11T18:54:43.387402","level":"info","event":"\u001b[0m18:54:43  3 of 33 OK created sql view model staging.stg_food ............................. [\u001b[32mSUCCESS 1\u001b[0m in 1.25s]","logger":"airflow.task.hooks.airflow.providers.standard.hooks.subprocess.SubprocessHook"}
{"timestamp":"2026-08-11T18:54:43.391370","level":"info","event":"\u001b[0m18:54:43  5 of 33 OK created sql view model staging.stg_order_items ...................... [\u001b[32mSUCCESS 1\u001b[0m in 1.24s]","logger":"airflow.task.hooks.airflow.providers.standard.hooks.subprocess.SubprocessHook"}
{"timestamp":"2026-08-11T18:54:43.402360","level":"info","event":"\u001b[0m18:54:43  11 of 33 START sql table model marts.dim_food .................................. [RUN]","logger":"airflow.task.hooks.airflow.providers.standard.hooks.subprocess.SubprocessHook"}
{"timestamp":"2026-08-11T18:54:43.416182","level":"info","event":"\u001b[0m18:54:43  12 of 33 START test not_null_stg_order_items_order_item_id ..................... [RUN]","logger":"airflow.task.hooks.airflow.providers.standard.hooks.subprocess.SubprocessHook"}
{"timestamp":"2026-08-11T18:54:43.458702","level":"info","event":"\u001b[0m18:54:43  6 of 33 OK created sql view model staging.stg_orders ........................... [\u001b[32mSUCCESS 1\u001b[0m in 1.32s]","logger":"airflow.task.hooks.airflow.providers.standard.hooks.subprocess.SubprocessHook"}
{"timestamp":"2026-08-11T18:54:43.463752","level":"info","event":"\u001b[0m18:54:43  8 of 33 OK created sql view model staging.stg_users ............................ [\u001b[32mSUCCESS 1\u001b[0m in 1.31s]","logger":"airflow.task.hooks.airflow.providers.standard.hooks.subprocess.SubprocessHook"}
{"timestamp":"2026-08-11T18:54:43.516404","level":"info","event":"\u001b[0m18:54:43  13 of 33 START test unique_stg_order_items_order_item_id ....................... [RUN]","logger":"airflow.task.hooks.airflow.providers.standard.hooks.subprocess.SubprocessHook"}
{"timestamp":"2026-08-11T18:54:43.525806","level":"info","event":"\u001b[0m18:54:43  14 of 33 START test not_null_stg_orders_customer_id ............................ [RUN]","logger":"airflow.task.hooks.airflow.providers.standard.hooks.subprocess.SubprocessHook"}
{"timestamp":"2026-08-11T18:54:43.555620","level":"info","event":"\u001b[0m18:54:43  4 of 33 OK created sql view model staging.stg_menu ............................. [\u001b[32mSUCCESS 1\u001b[0m in 1.40s]","logger":"airflow.task.hooks.airflow.providers.standard.hooks.subprocess.SubprocessHook"}
{"timestamp":"2026-08-11T18:54:43.595977","level":"info","event":"\u001b[0m18:54:43  15 of 33 START test not_null_stg_orders_order_id ............................... [RUN]","logger":"airflow.task.hooks.airflow.providers.standard.hooks.subprocess.SubprocessHook"}
{"timestamp":"2026-08-11T18:54:44.070188","level":"info","event":"\u001b[0m18:54:44  1 of 33 OK created sql table model marts.dim_date .............................. [\u001b[32mSUCCESS 1\u001b[0m in 1.95s]","logger":"airflow.task.hooks.airflow.providers.standard.hooks.subprocess.SubprocessHook"}
{"timestamp":"2026-08-11T18:54:44.084448","level":"info","event":"\u001b[0m18:54:44  16 of 33 START test not_null_stg_orders_restaurant_id .......................... [RUN]","logger":"airflow.task.hooks.airflow.providers.standard.hooks.subprocess.SubprocessHook"}
{"timestamp":"2026-08-11T18:54:44.335829","level":"info","event":"\u001b[0m18:54:44  9 of 33 PASS not_null_stg_restaurants_restaurant_id ............................ [\u001b[32mPASS\u001b[0m in 1.07s]","logger":"airflow.task.hooks.airflow.providers.standard.hooks.subprocess.SubprocessHook"}
{"timestamp":"2026-08-11T18:54:44.350040","level":"info","event":"\u001b[0m18:54:44  17 of 33 START test unique_stg_orders_order_id ................................. [RUN]","logger":"airflow.task.hooks.airflow.providers.standard.hooks.subprocess.SubprocessHook"}
{"timestamp":"2026-08-11T18:54:44.423151","level":"info","event":"\u001b[0m18:54:44  10 of 33 PASS unique_stg_restaurants_restaurant_id ............................. [\u001b[32mPASS\u001b[0m in 1.16s]","logger":"airflow.task.hooks.airflow.providers.standard.hooks.subprocess.SubprocessHook"}
{"timestamp":"2026-08-11T18:54:44.428720","level":"info","event":"\u001b[0m18:54:44  12 of 33 PASS not_null_stg_order_items_order_item_id ........................... [\u001b[32mPASS\u001b[0m in 1.00s]","logger":"airflow.task.hooks.airflow.providers.standard.hooks.subprocess.SubprocessHook"}
{"timestamp":"2026-08-11T18:54:44.449666","level":"info","event":"\u001b[0m18:54:44  18 of 33 START test not_null_stg_users_customer_id ............................. [RUN]","logger":"airflow.task.hooks.airflow.providers.standard.hooks.subprocess.SubprocessHook"}
{"timestamp":"2026-08-11T18:54:44.457374","level":"info","event":"\u001b[0m18:54:44  19 of 33 START test unique_stg_users_customer_id ............................... [RUN]","logger":"airflow.task.hooks.airflow.providers.standard.hooks.subprocess.SubprocessHook"}
{"timestamp":"2026-08-11T18:54:44.525391","level":"info","event":"\u001b[0m18:54:44  15 of 33 PASS not_null_stg_orders_order_id ..................................... [\u001b[32mPASS\u001b[0m in 0.91s]","logger":"airflow.task.hooks.airflow.providers.standard.hooks.subprocess.SubprocessHook"}
{"timestamp":"2026-08-11T18:54:44.540156","level":"info","event":"\u001b[0m18:54:44  20 of 33 START sql table model marts.dim_restaurants ........................... [RUN]","logger":"airflow.task.hooks.airflow.providers.standard.hooks.subprocess.SubprocessHook"}
{"timestamp":"2026-08-11T18:54:44.546101","level":"info","event":"\u001b[0m18:54:44  14 of 33 PASS not_null_stg_orders_customer_id .................................. [\u001b[32mPASS\u001b[0m in 0.99s]","logger":"airflow.task.hooks.airflow.providers.standard.hooks.subprocess.SubprocessHook"}
{"timestamp":"2026-08-11T18:54:44.579529","level":"info","event":"\u001b[0m18:54:44  21 of 33 START sql view model staging.stg_reviews .............................. [RUN]","logger":"airflow.task.hooks.airflow.providers.standard.hooks.subprocess.SubprocessHook"}
{"timestamp":"2026-08-11T18:54:44.881562","level":"info","event":"\u001b[0m18:54:44  16 of 33 PASS not_null_stg_orders_restaurant_id ................................ [\u001b[32mPASS\u001b[0m in 0.79s]","logger":"airflow.task.hooks.airflow.providers.standard.hooks.subprocess.SubprocessHook"}
{"timestamp":"2026-08-11T18:54:44.982246","level":"info","event":"\u001b[0m18:54:44  13 of 33 PASS unique_stg_order_items_order_item_id ............................. [\u001b[32mPASS\u001b[0m in 1.43s]","logger":"airflow.task.hooks.airflow.providers.standard.hooks.subprocess.SubprocessHook"}
{"timestamp":"2026-08-11T18:54:45.389544","level":"info","event":"\u001b[0m18:54:45  18 of 33 PASS not_null_stg_users_customer_id ................................... [\u001b[32mPASS\u001b[0m in 0.93s]","logger":"airflow.task.hooks.airflow.providers.standard.hooks.subprocess.SubprocessHook"}
{"timestamp":"2026-08-11T18:54:45.462919","level":"info","event":"\u001b[0m18:54:45  11 of 33 OK created sql table model marts.dim_food ............................. [\u001b[32mSUCCESS 1\u001b[0m in 2.04s]","logger":"airflow.task.hooks.airflow.providers.standard.hooks.subprocess.SubprocessHook"}
{"timestamp":"2026-08-11T18:54:45.490577","level":"info","event":"\u001b[0m18:54:45  19 of 33 PASS unique_stg_users_customer_id ..................................... [\u001b[32mPASS\u001b[0m in 1.02s]","logger":"airflow.task.hooks.airflow.providers.standard.hooks.subprocess.SubprocessHook"}
{"timestamp":"2026-08-11T18:54:45.496556","level":"info","event":"\u001b[0m18:54:45  17 of 33 PASS unique_stg_orders_order_id ....................................... [\u001b[32mPASS\u001b[0m in 1.14s]","logger":"airflow.task.hooks.airflow.providers.standard.hooks.subprocess.SubprocessHook"}
{"timestamp":"2026-08-11T18:54:45.497523","level":"info","event":"\u001b[0m18:54:45  22 of 33 START sql table model marts.dim_customer .............................. [RUN]","logger":"airflow.task.hooks.airflow.providers.standard.hooks.subprocess.SubprocessHook"}
{"timestamp":"2026-08-11T18:54:45.504157","level":"info","event":"\u001b[0m18:54:45  23 of 33 START sql incremental model marts.fact_order_items .................... [RUN]","logger":"airflow.task.hooks.airflow.providers.standard.hooks.subprocess.SubprocessHook"}
{"timestamp":"2026-08-11T18:54:45.506052","level":"info","event":"\u001b[0m18:54:45  24 of 33 START sql incremental model marts.fct_orders .......................... [RUN]","logger":"airflow.task.hooks.airflow.providers.standard.hooks.subprocess.SubprocessHook"}
{"timestamp":"2026-08-11T18:54:45.620868","level":"info","event":"\u001b[0m18:54:45  21 of 33 OK created sql view model staging.stg_reviews ......................... [\u001b[32mSUCCESS 1\u001b[0m in 1.03s]","logger":"airflow.task.hooks.airflow.providers.standard.hooks.subprocess.SubprocessHook"}
{"timestamp":"2026-08-11T18:54:45.653443","level":"info","event":"\u001b[0m18:54:45  25 of 33 START test not_null_stg_reviews_review_id ............................. [RUN]","logger":"airflow.task.hooks.airflow.providers.standard.hooks.subprocess.SubprocessHook"}
{"timestamp":"2026-08-11T18:54:45.655979","level":"info","event":"\u001b[0m18:54:45  26 of 33 START test unique_stg_reviews_review_id ............................... [RUN]","logger":"airflow.task.hooks.airflow.providers.standard.hooks.subprocess.SubprocessHook"}
{"timestamp":"2026-08-11T18:54:46.167941","level":"info","event":"\u001b[0m18:54:46  20 of 33 OK created sql table model marts.dim_restaurants ...................... [\u001b[32mSUCCESS 1\u001b[0m in 1.62s]","logger":"airflow.task.hooks.airflow.providers.standard.hooks.subprocess.SubprocessHook"}
{"timestamp":"2026-08-11T18:54:46.574626","level":"info","event":"\u001b[0m18:54:46  25 of 33 PASS not_null_stg_reviews_review_id ................................... [\u001b[32mPASS\u001b[0m in 0.89s]","logger":"airflow.task.hooks.airflow.providers.standard.hooks.subprocess.SubprocessHook"}
{"timestamp":"2026-08-11T18:54:46.733917","level":"info","event":"\u001b[0m18:54:46  26 of 33 PASS unique_stg_reviews_review_id ..................................... [\u001b[32mPASS\u001b[0m in 1.05s]","logger":"airflow.task.hooks.airflow.providers.standard.hooks.subprocess.SubprocessHook"}
{"timestamp":"2026-08-11T18:54:47.199354","level":"info","event":"\u001b[0m18:54:47  22 of 33 OK created sql table model marts.dim_customer ......................... [\u001b[32mSUCCESS 1\u001b[0m in 1.70s]","logger":"airflow.task.hooks.airflow.providers.standard.hooks.subprocess.SubprocessHook"}
{"timestamp":"2026-08-11T18:54:48.441102","level":"info","event":"\u001b[0m18:54:48  23 of 33 OK created sql incremental model marts.fact_order_items ............... [\u001b[32mSUCCESS 0\u001b[0m in 2.93s]","logger":"airflow.task.hooks.airflow.providers.standard.hooks.subprocess.SubprocessHook"}
{"timestamp":"2026-08-11T18:54:48.481499","level":"info","event":"\u001b[0m18:54:48  24 of 33 OK created sql incremental model marts.fct_orders ..................... [\u001b[32mSUCCESS 0\u001b[0m in 2.97s]","logger":"airflow.task.hooks.airflow.providers.standard.hooks.subprocess.SubprocessHook"}
{"timestamp":"2026-08-11T18:54:48.486713","level":"info","event":"\u001b[0m18:54:48  27 of 33 START test accepted_values_fct_orders_order_status__Delivered__Cancelled__Refunded  [RUN]","logger":"airflow.task.hooks.airflow.providers.standard.hooks.subprocess.SubprocessHook"}
{"timestamp":"2026-08-11T18:54:48.487922","level":"info","event":"\u001b[0m18:54:48  28 of 33 START test not_null_fct_orders_order_id ............................... [RUN]","logger":"airflow.task.hooks.airflow.providers.standard.hooks.subprocess.SubprocessHook"}
{"timestamp":"2026-08-11T18:54:48.488974","level":"info","event":"\u001b[0m18:54:48  29 of 33 START test relationships_fct_orders_customer_id__customer_id__ref_dim_customer_  [RUN]","logger":"airflow.task.hooks.airflow.providers.standard.hooks.subprocess.SubprocessHook"}
{"timestamp":"2026-08-11T18:54:48.492092","level":"info","event":"\u001b[0m18:54:48  30 of 33 START test unique_fct_orders_order_id ................................. [RUN]","logger":"airflow.task.hooks.airflow.providers.standard.hooks.subprocess.SubprocessHook"}
{"timestamp":"2026-08-11T18:54:49.462297","level":"info","event":"\u001b[0m18:54:49  28 of 33 PASS not_null_fct_orders_order_id ..................................... [\u001b[32mPASS\u001b[0m in 0.97s]","logger":"airflow.task.hooks.airflow.providers.standard.hooks.subprocess.SubprocessHook"}
{"timestamp":"2026-08-11T18:54:49.599190","level":"info","event":"\u001b[0m18:54:49  27 of 33 PASS accepted_values_fct_orders_order_status__Delivered__Cancelled__Refunded  [\u001b[32mPASS\u001b[0m in 1.11s]","logger":"airflow.task.hooks.airflow.providers.standard.hooks.subprocess.SubprocessHook"}
{"timestamp":"2026-08-11T18:54:49.691591","level":"info","event":"\u001b[0m18:54:49  30 of 33 PASS unique_fct_orders_order_id ....................................... [\u001b[32mPASS\u001b[0m in 1.19s]","logger":"airflow.task.hooks.airflow.providers.standard.hooks.subprocess.SubprocessHook"}
{"timestamp":"2026-08-11T18:54:49.697751","level":"info","event":"\u001b[0m18:54:49  31 of 33 START sql table model marts.mart_daily_city_revenune .................. [RUN]","logger":"airflow.task.hooks.airflow.providers.standard.hooks.subprocess.SubprocessHook"}
{"timestamp":"2026-08-11T18:54:49.699572","level":"info","event":"\u001b[0m18:54:49  32 of 33 START sql table model marts.mart_delivery_sla ......................... [RUN]","logger":"airflow.task.hooks.airflow.providers.standard.hooks.subprocess.SubprocessHook"}
{"timestamp":"2026-08-11T18:54:49.700849","level":"info","event":"\u001b[0m18:54:49  33 of 33 START sql table model marts.mart_restaurant_performance ............... [RUN]","logger":"airflow.task.hooks.airflow.providers.standard.hooks.subprocess.SubprocessHook"}
{"timestamp":"2026-08-11T18:54:49.773655","level":"info","event":"\u001b[0m18:54:49  29 of 33 PASS relationships_fct_orders_customer_id__customer_id__ref_dim_customer_  [\u001b[32mPASS\u001b[0m in 1.28s]","logger":"airflow.task.hooks.airflow.providers.standard.hooks.subprocess.SubprocessHook"}
{"timestamp":"2026-08-11T18:54:51.902804","level":"info","event":"\u001b[0m18:54:51  31 of 33 OK created sql table model marts.mart_daily_city_revenune ............. [\u001b[32mSUCCESS 1\u001b[0m in 2.19s]","logger":"airflow.task.hooks.airflow.providers.standard.hooks.subprocess.SubprocessHook"}
{"timestamp":"2026-08-11T18:54:52.516762","level":"info","event":"\u001b[0m18:54:52  33 of 33 OK created sql table model marts.mart_restaurant_performance .......... [\u001b[32mSUCCESS 1\u001b[0m in 2.80s]","logger":"airflow.task.hooks.airflow.providers.standard.hooks.subprocess.SubprocessHook"}
{"timestamp":"2026-08-11T18:54:52.528841","level":"info","event":"\u001b[0m18:54:52  32 of 33 OK created sql table model marts.mart_delivery_sla .................... [\u001b[32mSUCCESS 1\u001b[0m in 2.81s]","logger":"airflow.task.hooks.airflow.providers.standard.hooks.subprocess.SubprocessHook"}
{"timestamp":"2026-08-11T18:54:52.555249","level":"info","event":"\u001b[0m18:54:52","logger":"airflow.task.hooks.airflow.providers.standard.hooks.subprocess.SubprocessHook"}
{"timestamp":"2026-08-11T18:54:52.556782","level":"info","event":"\u001b[0m18:54:52  Finished running 2 incremental models, 8 table models, 16 data tests, 7 view models in 0 hours 0 minutes and 12.59 seconds (12.59s).","logger":"airflow.task.hooks.airflow.providers.standard.hooks.subprocess.SubprocessHook"}
{"timestamp":"2026-08-11T18:54:52.906232","level":"info","event":"\u001b[0m18:54:52","logger":"airflow.task.hooks.airflow.providers.standard.hooks.subprocess.SubprocessHook"}
{"timestamp":"2026-08-11T18:54:52.910306","level":"info","event":"\u001b[0m18:54:52  \u001b[31mCompleted with 1 error, 0 partial successes, and 0 warnings:\u001b[0m","logger":"airflow.task.hooks.airflow.providers.standard.hooks.subprocess.SubprocessHook"}
{"timestamp":"2026-08-11T18:54:52.913621","level":"info","event":"\u001b[0m18:54:52","logger":"airflow.task.hooks.airflow.providers.standard.hooks.subprocess.SubprocessHook"}
{"timestamp":"2026-08-11T18:54:52.917090","level":"info","event":"\u001b[0m18:54:52  [\u001b[31mERROR\u001b[0m]: in model mart_review_insights (models/marts/mart_review_insights.sql)","logger":"airflow.task.hooks.airflow.providers.standard.hooks.subprocess.SubprocessHook"}
{"timestamp":"2026-08-11T18:54:52.921697","level":"info","event":"\u001b[0m18:54:52    Database Error in model mart_review_insights (models/marts/mart_review_insights.sql)","logger":"airflow.task.hooks.airflow.providers.standard.hooks.subprocess.SubprocessHook"}
{"timestamp":"2026-08-11T18:54:52.922014","level":"info","event":"  001003 (42000): SQL compilation error:","logger":"airflow.task.hooks.airflow.providers.standard.hooks.subprocess.SubprocessHook"}
{"timestamp":"2026-08-11T18:54:52.922128","level":"info","event":"  syntax error line 4 at position 8 unexpected ')'.","logger":"airflow.task.hooks.airflow.providers.standard.hooks.subprocess.SubprocessHook"}
{"timestamp":"2026-08-11T18:54:52.922208","level":"info","event":"  compiled code at target/run/zomato/models/marts/mart_review_insights.sql","logger":"airflow.task.hooks.airflow.providers.standard.hooks.subprocess.SubprocessHook"}
{"timestamp":"2026-08-11T18:54:52.925002","level":"info","event":"\u001b[0m18:54:52","logger":"airflow.task.hooks.airflow.providers.standard.hooks.subprocess.SubprocessHook"}
{"timestamp":"2026-08-11T18:54:52.929741","level":"info","event":"\u001b[0m18:54:52  Done. PASS=32 WARN=0 ERROR=1 SKIP=0 NO-OP=0 REUSED=0 TOTAL=33","logger":"airflow.task.hooks.airflow.providers.standard.hooks.subprocess.SubprocessHook"}
{"timestamp":"2026-08-11T18:54:55.065379","level":"info","event":"Command exited with return code 1","logger":"airflow.task.hooks.airflow.providers.standard.hooks.subprocess.SubprocessHook"}
{"timestamp":"2026-08-11T18:54:55.067254","level":"error","event":"Task failed with exception","logger":"task","error_detail":[{"exc_type":"AirflowException","exc_value":"Bash command failed. The command returned a non-zero exit code 1.","exc_notes":[],"syntax_error":null,"is_cause":false,"frames":[{"filename":"/home/airflow/.local/lib/python3.12/site-packages/airflow/sdk/execution_time/task_runner.py","lineno":877,"name":"run"},{"filename":"/home/airflow/.local/lib/python3.12/site-packages/airflow/sdk/execution_time/task_runner.py","lineno":1164,"name":"_execute_task"},{"filename":"/home/airflow/.local/lib/python3.12/site-packages/airflow/sdk/bases/operator.py","lineno":397,"name":"wrapper"},{"filename":"/home/airflow/.local/lib/python3.12/site-packages/airflow/providers/standard/operators/bash.py","lineno":232,"name":"execute"}],"is_group":false,"exceptions":[]}]}
