{"timestamp":"2026-08-11T18:50:31.191410","level":"info","event":"DAG bundles loaded: dags-folder","logger":"airflow.dag_processing.bundles.manager.DagBundlesManager"}
{"timestamp":"2026-08-11T18:50:31.192506","level":"info","event":"Filling up the DagBag from /opt/airflow/dags/zomato_batch.py","logger":"airflow.models.dagbag.DagBag"}
{"timestamp":"2026-08-11T18:50:31.510616","level":"info","event":"Tmp dir root location: /tmp","logger":"airflow.task.hooks.airflow.providers.standard.hooks.subprocess.SubprocessHook"}
{"timestamp":"2026-08-11T18:50:31.511563","level":"info","event":"Running command: ['/usr/bin/bash', '-c', '/opt/airflow/dbt_venv/bin/dbt build --exclude tag:ai --project-dir /opt/airflow/dbt/zomato --profiles-dir /opt/airflow/dbt/zomato']","logger":"airflow.task.hooks.airflow.providers.standard.hooks.subprocess.SubprocessHook"}
{"timestamp":"2026-08-11T18:50:31.523953","level":"info","event":"Output:","logger":"airflow.task.hooks.airflow.providers.standard.hooks.subprocess.SubprocessHook"}
{"timestamp":"2026-08-11T18:50:34.339146","level":"info","event":"\u001b[0m18:50:34  Running with dbt=1.12.0","logger":"airflow.task.hooks.airflow.providers.standard.hooks.subprocess.SubprocessHook"}
{"timestamp":"2026-08-11T18:50:35.180856","level":"info","event":"\u001b[0m18:50:35  Registered adapter: snowflake=1.8.4","logger":"airflow.task.hooks.airflow.providers.standard.hooks.subprocess.SubprocessHook"}
{"timestamp":"2026-08-11T18:50:36.266718","level":"info","event":"\u001b[0m18:50:36  [\u001b[33mWARNING\u001b[0m]: Configuration paths exist in your dbt_project.yml file which do not apply to any resources.","logger":"airflow.task.hooks.airflow.providers.standard.hooks.subprocess.SubprocessHook"}
{"timestamp":"2026-08-11T18:50:36.266873","level":"info","event":"There are 1 unused configuration paths:","logger":"airflow.task.hooks.airflow.providers.standard.hooks.subprocess.SubprocessHook"}
{"timestamp":"2026-08-11T18:50:36.266919","level":"info","event":"- models.zomato.snapshots.zomato","logger":"airflow.task.hooks.airflow.providers.standard.hooks.subprocess.SubprocessHook"}
{"timestamp":"2026-08-11T18:50:37.073784","level":"info","event":"\u001b[0m18:50:37  Found 17 models, 16 data tests, 8 sources, 506 macros","logger":"airflow.task.hooks.airflow.providers.standard.hooks.subprocess.SubprocessHook"}
{"timestamp":"2026-08-11T18:50:37.079522","level":"info","event":"\u001b[0m18:50:37  [\u001b[33mWARNING\u001b[0m]: The selection criterion 'tag:ai' does not match any enabled nodes","logger":"airflow.task.hooks.airflow.providers.standard.hooks.subprocess.SubprocessHook"}
{"timestamp":"2026-08-11T18:50:37.086232","level":"info","event":"\u001b[0m18:50:37","logger":"airflow.task.hooks.airflow.providers.standard.hooks.subprocess.SubprocessHook"}
{"timestamp":"2026-08-11T18:50:37.088582","level":"info","event":"\u001b[0m18:50:37  Concurrency: 8 threads (target='dev')","logger":"airflow.task.hooks.airflow.providers.standard.hooks.subprocess.SubprocessHook"}
{"timestamp":"2026-08-11T18:50:37.091620","level":"info","event":"\u001b[0m18:50:37","logger":"airflow.task.hooks.airflow.providers.standard.hooks.subprocess.SubprocessHook"}
{"timestamp":"2026-08-11T18:50:39.660244","level":"info","event":"\u001b[0m18:50:39  1 of 33 START sql table model marts.dim_date ................................... [RUN]","logger":"airflow.task.hooks.airflow.providers.standard.hooks.subprocess.SubprocessHook"}
{"timestamp":"2026-08-11T18:50:39.665228","level":"info","event":"\u001b[0m18:50:39  2 of 33 START sql table model marts.mart_review_insights ....................... [RUN]","logger":"airflow.task.hooks.airflow.providers.standard.hooks.subprocess.SubprocessHook"}
{"timestamp":"2026-08-11T18:50:39.670571","level":"info","event":"\u001b[0m18:50:39  3 of 33 START sql view model staging.stg_food .................................. [RUN]","logger":"airflow.task.hooks.airflow.providers.standard.hooks.subprocess.SubprocessHook"}
{"timestamp":"2026-08-11T18:50:39.673979","level":"info","event":"\u001b[0m18:50:39  4 of 33 START sql view model staging.stg_menu .................................. [RUN]","logger":"airflow.task.hooks.airflow.providers.standard.hooks.subprocess.SubprocessHook"}
{"timestamp":"2026-08-11T18:50:39.677327","level":"info","event":"\u001b[0m18:50:39  5 of 33 START sql view model staging.stg_order_items ........................... [RUN]","logger":"airflow.task.hooks.airflow.providers.standard.hooks.subprocess.SubprocessHook"}
{"timestamp":"2026-08-11T18:50:39.680232","level":"info","event":"\u001b[0m18:50:39  6 of 33 START sql view model staging.stg_orders ................................ [RUN]","logger":"airflow.task.hooks.airflow.providers.standard.hooks.subprocess.SubprocessHook"}
{"timestamp":"2026-08-11T18:50:39.682682","level":"info","event":"\u001b[0m18:50:39  8 of 33 START sql view model staging.stg_users ................................. [RUN]","logger":"airflow.task.hooks.airflow.providers.standard.hooks.subprocess.SubprocessHook"}
{"timestamp":"2026-08-11T18:50:39.685534","level":"info","event":"\u001b[0m18:50:39  7 of 33 START sql view model staging.stg_restaurants ........................... [RUN]","logger":"airflow.task.hooks.airflow.providers.standard.hooks.subprocess.SubprocessHook"}
{"timestamp":"2026-08-11T18:50:40.764960","level":"info","event":"\u001b[0m18:50:40  2 of 33 ERROR creating sql table model marts.mart_review_insights .............. [\u001b[31mERROR\u001b[0m in 1.07s]","logger":"airflow.task.hooks.airflow.providers.standard.hooks.subprocess.SubprocessHook"}
{"timestamp":"2026-08-11T18:50:40.987836","level":"info","event":"\u001b[0m18:50:40  4 of 33 OK created sql view model staging.stg_menu ............................. [\u001b[32mSUCCESS 1\u001b[0m in 1.29s]","logger":"airflow.task.hooks.airflow.providers.standard.hooks.subprocess.SubprocessHook"}
{"timestamp":"2026-08-11T18:50:41.107156","level":"info","event":"\u001b[0m18:50:41  6 of 33 OK created sql view model staging.stg_orders ........................... [\u001b[32mSUCCESS 1\u001b[0m in 1.40s]","logger":"airflow.task.hooks.airflow.providers.standard.hooks.subprocess.SubprocessHook"}
{"timestamp":"2026-08-11T18:50:41.110824","level":"info","event":"\u001b[0m18:50:41  5 of 33 OK created sql view model staging.stg_order_items ...................... [\u001b[32mSUCCESS 1\u001b[0m in 1.41s]","logger":"airflow.task.hooks.airflow.providers.standard.hooks.subprocess.SubprocessHook"}
{"timestamp":"2026-08-11T18:50:41.127707","level":"info","event":"\u001b[0m18:50:41  7 of 33 OK created sql view model staging.stg_restaurants ...................... [\u001b[32mSUCCESS 1\u001b[0m in 1.41s]","logger":"airflow.task.hooks.airflow.providers.standard.hooks.subprocess.SubprocessHook"}
{"timestamp":"2026-08-11T18:50:41.135435","level":"info","event":"\u001b[0m18:50:41  9 of 33 START test not_null_stg_orders_customer_id ............................. [RUN]","logger":"airflow.task.hooks.airflow.providers.standard.hooks.subprocess.SubprocessHook"}
{"timestamp":"2026-08-11T18:50:41.139343","level":"info","event":"\u001b[0m18:50:41  10 of 33 START test not_null_stg_orders_order_id ............................... [RUN]","logger":"airflow.task.hooks.airflow.providers.standard.hooks.subprocess.SubprocessHook"}
{"timestamp":"2026-08-11T18:50:41.144855","level":"info","event":"\u001b[0m18:50:41  3 of 33 OK created sql view model staging.stg_food ............................. [\u001b[32mSUCCESS 1\u001b[0m in 1.43s]","logger":"airflow.task.hooks.airflow.providers.standard.hooks.subprocess.SubprocessHook"}
{"timestamp":"2026-08-11T18:50:41.150950","level":"info","event":"\u001b[0m18:50:41  11 of 33 START test not_null_stg_orders_restaurant_id .......................... [RUN]","logger":"airflow.task.hooks.airflow.providers.standard.hooks.subprocess.SubprocessHook"}
{"timestamp":"2026-08-11T18:50:41.154350","level":"info","event":"\u001b[0m18:50:41  12 of 33 START test unique_stg_orders_order_id ................................. [RUN]","logger":"airflow.task.hooks.airflow.providers.standard.hooks.subprocess.SubprocessHook"}
{"timestamp":"2026-08-11T18:50:41.172466","level":"info","event":"\u001b[0m18:50:41  8 of 33 OK created sql view model staging.stg_users ............................ [\u001b[32mSUCCESS 1\u001b[0m in 1.45s]","logger":"airflow.task.hooks.airflow.providers.standard.hooks.subprocess.SubprocessHook"}
{"timestamp":"2026-08-11T18:50:41.193673","level":"info","event":"\u001b[0m18:50:41  13 of 33 START test not_null_stg_order_items_order_item_id ..................... [RUN]","logger":"airflow.task.hooks.airflow.providers.standard.hooks.subprocess.SubprocessHook"}
{"timestamp":"2026-08-11T18:50:41.251277","level":"info","event":"\u001b[0m18:50:41  14 of 33 START test unique_stg_order_items_order_item_id ....................... [RUN]","logger":"airflow.task.hooks.airflow.providers.standard.hooks.subprocess.SubprocessHook"}
{"timestamp":"2026-08-11T18:50:41.264047","level":"info","event":"\u001b[0m18:50:41  1 of 33 OK created sql table model marts.dim_date .............................. [\u001b[32mSUCCESS 1\u001b[0m in 1.50s]","logger":"airflow.task.hooks.airflow.providers.standard.hooks.subprocess.SubprocessHook"}
{"timestamp":"2026-08-11T18:50:41.329685","level":"info","event":"\u001b[0m18:50:41  15 of 33 START test not_null_stg_restaurants_restaurant_id ..................... [RUN]","logger":"airflow.task.hooks.airflow.providers.standard.hooks.subprocess.SubprocessHook"}
{"timestamp":"2026-08-11T18:50:41.389218","level":"info","event":"\u001b[0m18:50:41  16 of 33 START test unique_stg_restaurants_restaurant_id ....................... [RUN]","logger":"airflow.task.hooks.airflow.providers.standard.hooks.subprocess.SubprocessHook"}
{"timestamp":"2026-08-11T18:50:42.526639","level":"info","event":"\u001b[0m18:50:42  9 of 33 PASS not_null_stg_orders_customer_id ................................... [\u001b[32mPASS\u001b[0m in 1.37s]","logger":"airflow.task.hooks.airflow.providers.standard.hooks.subprocess.SubprocessHook"}
{"timestamp":"2026-08-11T18:50:42.536691","level":"info","event":"\u001b[0m18:50:42  17 of 33 START sql table model marts.dim_food .................................. [RUN]","logger":"airflow.task.hooks.airflow.providers.standard.hooks.subprocess.SubprocessHook"}
{"timestamp":"2026-08-11T18:50:42.582606","level":"info","event":"\u001b[0m18:50:42  10 of 33 PASS not_null_stg_orders_order_id ..................................... [\u001b[32mPASS\u001b[0m in 1.42s]","logger":"airflow.task.hooks.airflow.providers.standard.hooks.subprocess.SubprocessHook"}
{"timestamp":"2026-08-11T18:50:42.587709","level":"info","event":"\u001b[0m18:50:42  18 of 33 START test not_null_stg_users_customer_id ............................. [RUN]","logger":"airflow.task.hooks.airflow.providers.standard.hooks.subprocess.SubprocessHook"}
{"timestamp":"2026-08-11T18:50:42.601235","level":"info","event":"\u001b[0m18:50:42  11 of 33 PASS not_null_stg_orders_restaurant_id ................................ [\u001b[32mPASS\u001b[0m in 1.43s]","logger":"airflow.task.hooks.airflow.providers.standard.hooks.subprocess.SubprocessHook"}
{"timestamp":"2026-08-11T18:50:42.611080","level":"info","event":"\u001b[0m18:50:42  15 of 33 PASS not_null_stg_restaurants_restaurant_id ........................... [\u001b[32mPASS\u001b[0m in 1.24s]","logger":"airflow.task.hooks.airflow.providers.standard.hooks.subprocess.SubprocessHook"}
{"timestamp":"2026-08-11T18:50:42.612763","level":"info","event":"\u001b[0m18:50:42  19 of 33 START test unique_stg_users_customer_id ............................... [RUN]","logger":"airflow.task.hooks.airflow.providers.standard.hooks.subprocess.SubprocessHook"}
{"timestamp":"2026-08-11T18:50:42.647641","level":"info","event":"\u001b[0m18:50:42  13 of 33 PASS not_null_stg_order_items_order_item_id ........................... [\u001b[32mPASS\u001b[0m in 1.38s]","logger":"airflow.task.hooks.airflow.providers.standard.hooks.subprocess.SubprocessHook"}
{"timestamp":"2026-08-11T18:50:42.894635","level":"info","event":"\u001b[0m18:50:42  12 of 33 PASS unique_stg_orders_order_id ....................................... [\u001b[32mPASS\u001b[0m in 1.72s]","logger":"airflow.task.hooks.airflow.providers.standard.hooks.subprocess.SubprocessHook"}
{"timestamp":"2026-08-11T18:50:42.901229","level":"info","event":"\u001b[0m18:50:42  20 of 33 START sql incremental model marts.fct_orders .......................... [RUN]","logger":"airflow.task.hooks.airflow.providers.standard.hooks.subprocess.SubprocessHook"}
{"timestamp":"2026-08-11T18:50:43.012142","level":"info","event":"\u001b[0m18:50:43  16 of 33 PASS unique_stg_restaurants_restaurant_id ............................. [\u001b[32mPASS\u001b[0m in 1.61s]","logger":"airflow.task.hooks.airflow.providers.standard.hooks.subprocess.SubprocessHook"}
{"timestamp":"2026-08-11T18:50:43.035773","level":"info","event":"\u001b[0m18:50:43  21 of 33 START sql table model marts.dim_restaurants ........................... [RUN]","logger":"airflow.task.hooks.airflow.providers.standard.hooks.subprocess.SubprocessHook"}
{"timestamp":"2026-08-11T18:50:43.039290","level":"info","event":"\u001b[0m18:50:43  22 of 33 START sql view model staging.stg_reviews .............................. [RUN]","logger":"airflow.task.hooks.airflow.providers.standard.hooks.subprocess.SubprocessHook"}
{"timestamp":"2026-08-11T18:50:43.313494","level":"info","event":"\u001b[0m18:50:43  14 of 33 PASS unique_stg_order_items_order_item_id ............................. [\u001b[32mPASS\u001b[0m in 2.01s]","logger":"airflow.task.hooks.airflow.providers.standard.hooks.subprocess.SubprocessHook"}
{"timestamp":"2026-08-11T18:50:43.318703","level":"info","event":"\u001b[0m18:50:43  23 of 33 START sql incremental model marts.fact_order_items .................... [RUN]","logger":"airflow.task.hooks.airflow.providers.standard.hooks.subprocess.SubprocessHook"}
{"timestamp":"2026-08-11T18:50:43.574046","level":"info","event":"\u001b[0m18:50:43  18 of 33 PASS not_null_stg_users_customer_id ................................... [\u001b[32mPASS\u001b[0m in 0.98s]","logger":"airflow.task.hooks.airflow.providers.standard.hooks.subprocess.SubprocessHook"}
{"timestamp":"2026-08-11T18:50:43.832566","level":"info","event":"\u001b[0m18:50:43  19 of 33 PASS unique_stg_users_customer_id ..................................... [\u001b[32mPASS\u001b[0m in 1.21s]","logger":"airflow.task.hooks.airflow.providers.standard.hooks.subprocess.SubprocessHook"}
{"timestamp":"2026-08-11T18:50:43.857610","level":"info","event":"\u001b[0m18:50:43  24 of 33 START sql table model marts.dim_customer .............................. [RUN]","logger":"airflow.task.hooks.airflow.providers.standard.hooks.subprocess.SubprocessHook"}
{"timestamp":"2026-08-11T18:50:43.992710","level":"info","event":"\u001b[0m18:50:43  22 of 33 OK created sql view model staging.stg_reviews ......................... [\u001b[32mSUCCESS 1\u001b[0m in 0.94s]","logger":"airflow.task.hooks.airflow.providers.standard.hooks.subprocess.SubprocessHook"}
{"timestamp":"2026-08-11T18:50:43.997809","level":"info","event":"\u001b[0m18:50:43  25 of 33 START test not_null_stg_reviews_review_id ............................. [RUN]","logger":"airflow.task.hooks.airflow.providers.standard.hooks.subprocess.SubprocessHook"}
{"timestamp":"2026-08-11T18:50:44.000378","level":"info","event":"\u001b[0m18:50:44  26 of 33 START test unique_stg_reviews_review_id ............................... [RUN]","logger":"airflow.task.hooks.airflow.providers.standard.hooks.subprocess.SubprocessHook"}
{"timestamp":"2026-08-11T18:50:44.481241","level":"info","event":"\u001b[0m18:50:44  21 of 33 OK created sql table model marts.dim_restaurants ...................... [\u001b[32mSUCCESS 1\u001b[0m in 1.43s]","logger":"airflow.task.hooks.airflow.providers.standard.hooks.subprocess.SubprocessHook"}
{"timestamp":"2026-08-11T18:50:44.776501","level":"info","event":"\u001b[0m18:50:44  17 of 33 OK created sql table model marts.dim_food ............................. [\u001b[32mSUCCESS 1\u001b[0m in 2.23s]","logger":"airflow.task.hooks.airflow.providers.standard.hooks.subprocess.SubprocessHook"}
{"timestamp":"2026-08-11T18:50:44.879634","level":"info","event":"\u001b[0m18:50:44  25 of 33 PASS not_null_stg_reviews_review_id ................................... [\u001b[32mPASS\u001b[0m in 0.88s]","logger":"airflow.task.hooks.airflow.providers.standard.hooks.subprocess.SubprocessHook"}
{"timestamp":"2026-08-11T18:50:45.075259","level":"info","event":"\u001b[0m18:50:45  26 of 33 PASS unique_stg_reviews_review_id ..................................... [\u001b[32mPASS\u001b[0m in 1.07s]","logger":"airflow.task.hooks.airflow.providers.standard.hooks.subprocess.SubprocessHook"}
{"timestamp":"2026-08-11T18:50:45.524109","level":"info","event":"\u001b[0m18:50:45  24 of 33 OK created sql table model marts.dim_customer ......................... [\u001b[32mSUCCESS 1\u001b[0m in 1.65s]","logger":"airflow.task.hooks.airflow.providers.standard.hooks.subprocess.SubprocessHook"}
{"timestamp":"2026-08-11T18:50:45.746080","level":"info","event":"\u001b[0m18:50:45  20 of 33 OK created sql incremental model marts.fct_orders ..................... [\u001b[32mSUCCESS 0\u001b[0m in 2.84s]","logger":"airflow.task.hooks.airflow.providers.standard.hooks.subprocess.SubprocessHook"}
{"timestamp":"2026-08-11T18:50:45.753194","level":"info","event":"\u001b[0m18:50:45  27 of 33 START test accepted_values_fct_orders_order_status__Delivered__Cancelled__Refunded  [RUN]","logger":"airflow.task.hooks.airflow.providers.standard.hooks.subprocess.SubprocessHook"}
{"timestamp":"2026-08-11T18:50:45.755368","level":"info","event":"\u001b[0m18:50:45  28 of 33 START test not_null_fct_orders_order_id ............................... [RUN]","logger":"airflow.task.hooks.airflow.providers.standard.hooks.subprocess.SubprocessHook"}
{"timestamp":"2026-08-11T18:50:45.757456","level":"info","event":"\u001b[0m18:50:45  29 of 33 START test relationships_fct_orders_customer_id__customer_id__ref_dim_customer_  [RUN]","logger":"airflow.task.hooks.airflow.providers.standard.hooks.subprocess.SubprocessHook"}
{"timestamp":"2026-08-11T18:50:45.759360","level":"info","event":"\u001b[0m18:50:45  30 of 33 START test unique_fct_orders_order_id ................................. [RUN]","logger":"airflow.task.hooks.airflow.providers.standard.hooks.subprocess.SubprocessHook"}
{"timestamp":"2026-08-11T18:50:46.091492","level":"info","event":"\u001b[0m18:50:46  23 of 33 OK created sql incremental model marts.fact_order_items ............... [\u001b[32mSUCCESS 0\u001b[0m in 2.77s]","logger":"airflow.task.hooks.airflow.providers.standard.hooks.subprocess.SubprocessHook"}
{"timestamp":"2026-08-11T18:50:46.872402","level":"info","event":"\u001b[0m18:50:46  28 of 33 PASS not_null_fct_orders_order_id ..................................... [\u001b[32mPASS\u001b[0m in 1.11s]","logger":"airflow.task.hooks.airflow.providers.standard.hooks.subprocess.SubprocessHook"}
{"timestamp":"2026-08-11T18:50:46.941088","level":"info","event":"\u001b[0m18:50:46  27 of 33 PASS accepted_values_fct_orders_order_status__Delivered__Cancelled__Refunded  [\u001b[32mPASS\u001b[0m in 1.18s]","logger":"airflow.task.hooks.airflow.providers.standard.hooks.subprocess.SubprocessHook"}
{"timestamp":"2026-08-11T18:50:47.038506","level":"info","event":"\u001b[0m18:50:47  29 of 33 PASS relationships_fct_orders_customer_id__customer_id__ref_dim_customer_  [\u001b[32mPASS\u001b[0m in 1.27s]","logger":"airflow.task.hooks.airflow.providers.standard.hooks.subprocess.SubprocessHook"}
{"timestamp":"2026-08-11T18:50:47.080983","level":"info","event":"\u001b[0m18:50:47  30 of 33 PASS unique_fct_orders_order_id ....................................... [\u001b[32mPASS\u001b[0m in 1.31s]","logger":"airflow.task.hooks.airflow.providers.standard.hooks.subprocess.SubprocessHook"}
{"timestamp":"2026-08-11T18:50:47.087581","level":"info","event":"\u001b[0m18:50:47  31 of 33 START sql table model marts.mart_daily_city_revenune .................. [RUN]","logger":"airflow.task.hooks.airflow.providers.standard.hooks.subprocess.SubprocessHook"}
{"timestamp":"2026-08-11T18:50:47.090801","level":"info","event":"\u001b[0m18:50:47  32 of 33 START sql table model marts.mart_delivery_sla ......................... [RUN]","logger":"airflow.task.hooks.airflow.providers.standard.hooks.subprocess.SubprocessHook"}
{"timestamp":"2026-08-11T18:50:47.092885","level":"info","event":"\u001b[0m18:50:47  33 of 33 START sql table model marts.mart_restaurant_performance ............... [RUN]","logger":"airflow.task.hooks.airflow.providers.standard.hooks.subprocess.SubprocessHook"}
{"timestamp":"2026-08-11T18:50:49.387085","level":"info","event":"\u001b[0m18:50:49  31 of 33 OK created sql table model marts.mart_daily_city_revenune ............. [\u001b[32mSUCCESS 1\u001b[0m in 2.29s]","logger":"airflow.task.hooks.airflow.providers.standard.hooks.subprocess.SubprocessHook"}
{"timestamp":"2026-08-11T18:50:49.653723","level":"info","event":"\u001b[0m18:50:49  32 of 33 OK created sql table model marts.mart_delivery_sla .................... [\u001b[32mSUCCESS 1\u001b[0m in 2.55s]","logger":"airflow.task.hooks.airflow.providers.standard.hooks.subprocess.SubprocessHook"}
{"timestamp":"2026-08-11T18:50:49.745735","level":"info","event":"\u001b[0m18:50:49  33 of 33 OK created sql table model marts.mart_restaurant_performance .......... [\u001b[32mSUCCESS 1\u001b[0m in 2.64s]","logger":"airflow.task.hooks.airflow.providers.standard.hooks.subprocess.SubprocessHook"}
{"timestamp":"2026-08-11T18:50:49.772493","level":"info","event":"\u001b[0m18:50:49","logger":"airflow.task.hooks.airflow.providers.standard.hooks.subprocess.SubprocessHook"}
{"timestamp":"2026-08-11T18:50:49.773958","level":"info","event":"\u001b[0m18:50:49  Finished running 2 incremental models, 8 table models, 16 data tests, 7 view models in 0 hours 0 minutes and 12.68 seconds (12.68s).","logger":"airflow.task.hooks.airflow.providers.standard.hooks.subprocess.SubprocessHook"}
{"timestamp":"2026-08-11T18:50:50.089123","level":"info","event":"\u001b[0m18:50:50","logger":"airflow.task.hooks.airflow.providers.standard.hooks.subprocess.SubprocessHook"}
{"timestamp":"2026-08-11T18:50:50.091447","level":"info","event":"\u001b[0m18:50:50  \u001b[31mCompleted with 1 error, 0 partial successes, and 0 warnings:\u001b[0m","logger":"airflow.task.hooks.airflow.providers.standard.hooks.subprocess.SubprocessHook"}
{"timestamp":"2026-08-11T18:50:50.094133","level":"info","event":"\u001b[0m18:50:50","logger":"airflow.task.hooks.airflow.providers.standard.hooks.subprocess.SubprocessHook"}
{"timestamp":"2026-08-11T18:50:50.095440","level":"info","event":"\u001b[0m18:50:50  [\u001b[31mERROR\u001b[0m]: in model mart_review_insights (models/marts/mart_review_insights.sql)","logger":"airflow.task.hooks.airflow.providers.standard.hooks.subprocess.SubprocessHook"}
{"timestamp":"2026-08-11T18:50:50.096615","level":"info","event":"\u001b[0m18:50:50    Database Error in model mart_review_insights (models/marts/mart_review_insights.sql)","logger":"airflow.task.hooks.airflow.providers.standard.hooks.subprocess.SubprocessHook"}
{"timestamp":"2026-08-11T18:50:50.096689","level":"info","event":"  001003 (42000): SQL compilation error:","logger":"airflow.task.hooks.airflow.providers.standard.hooks.subprocess.SubprocessHook"}
{"timestamp":"2026-08-11T18:50:50.096724","level":"info","event":"  syntax error line 4 at position 8 unexpected ')'.","logger":"airflow.task.hooks.airflow.providers.standard.hooks.subprocess.SubprocessHook"}
{"timestamp":"2026-08-11T18:50:50.096752","level":"info","event":"  compiled code at target/run/zomato/models/marts/mart_review_insights.sql","logger":"airflow.task.hooks.airflow.providers.standard.hooks.subprocess.SubprocessHook"}
{"timestamp":"2026-08-11T18:50:50.097578","level":"info","event":"\u001b[0m18:50:50","logger":"airflow.task.hooks.airflow.providers.standard.hooks.subprocess.SubprocessHook"}
{"timestamp":"2026-08-11T18:50:50.098673","level":"info","event":"\u001b[0m18:50:50  Done. PASS=32 WARN=0 ERROR=1 SKIP=0 NO-OP=0 REUSED=0 TOTAL=33","logger":"airflow.task.hooks.airflow.providers.standard.hooks.subprocess.SubprocessHook"}
{"timestamp":"2026-08-11T18:50:52.112040","level":"info","event":"Command exited with return code 1","logger":"airflow.task.hooks.airflow.providers.standard.hooks.subprocess.SubprocessHook"}
{"timestamp":"2026-08-11T18:50:52.112573","level":"error","event":"Task failed with exception","logger":"task","error_detail":[{"exc_type":"AirflowException","exc_value":"Bash command failed. The command returned a non-zero exit code 1.","exc_notes":[],"syntax_error":null,"is_cause":false,"frames":[{"filename":"/home/airflow/.local/lib/python3.12/site-packages/airflow/sdk/execution_time/task_runner.py","lineno":877,"name":"run"},{"filename":"/home/airflow/.local/lib/python3.12/site-packages/airflow/sdk/execution_time/task_runner.py","lineno":1164,"name":"_execute_task"},{"filename":"/home/airflow/.local/lib/python3.12/site-packages/airflow/sdk/bases/operator.py","lineno":397,"name":"wrapper"},{"filename":"/home/airflow/.local/lib/python3.12/site-packages/airflow/providers/standard/operators/bash.py","lineno":232,"name":"execute"}],"is_group":false,"exceptions":[]}]}
