{"timestamp":"2026-08-09T21:30:00.541628","level":"info","event":"DAG bundles loaded: dags-folder","logger":"airflow.dag_processing.bundles.manager.DagBundlesManager"}
{"timestamp":"2026-08-09T21:30:00.542442","level":"info","event":"Filling up the DagBag from /opt/airflow/dags/zomato_batch.py","logger":"airflow.models.dagbag.DagBag"}
{"timestamp":"2026-08-09T21:30:00.611225","level":"info","event":"Tmp dir root location: /tmp","logger":"airflow.task.hooks.airflow.providers.standard.hooks.subprocess.SubprocessHook"}
{"timestamp":"2026-08-09T21:30:00.612074","level":"info","event":"Running command: ['/usr/bin/bash', '-c', '/opt/airflow/dbt_venv/bin/dbt build --exclude tag:ai --project-dir /opt/airflow/dbt/zomato --profiles-dir /opt/airflow/dbt/zomato']","logger":"airflow.task.hooks.airflow.providers.standard.hooks.subprocess.SubprocessHook"}
{"timestamp":"2026-08-09T21:30:00.621663","level":"info","event":"Output:","logger":"airflow.task.hooks.airflow.providers.standard.hooks.subprocess.SubprocessHook"}
{"timestamp":"2026-08-09T21:30:02.580090","level":"info","event":"\u001b[0m21:30:02  Running with dbt=1.12.0","logger":"airflow.task.hooks.airflow.providers.standard.hooks.subprocess.SubprocessHook"}
{"timestamp":"2026-08-09T21:30:03.300947","level":"info","event":"\u001b[0m21:30:03  Registered adapter: snowflake=1.8.4","logger":"airflow.task.hooks.airflow.providers.standard.hooks.subprocess.SubprocessHook"}
{"timestamp":"2026-08-09T21:30:04.170024","level":"info","event":"\u001b[0m21:30:04  [\u001b[33mWARNING\u001b[0m]: Configuration paths exist in your dbt_project.yml file which do not apply to any resources.","logger":"airflow.task.hooks.airflow.providers.standard.hooks.subprocess.SubprocessHook"}
{"timestamp":"2026-08-09T21:30:04.170171","level":"info","event":"There are 1 unused configuration paths:","logger":"airflow.task.hooks.airflow.providers.standard.hooks.subprocess.SubprocessHook"}
{"timestamp":"2026-08-09T21:30:04.170218","level":"info","event":"- models.zomato.snapshots.zomato","logger":"airflow.task.hooks.airflow.providers.standard.hooks.subprocess.SubprocessHook"}
{"timestamp":"2026-08-09T21:30:04.633553","level":"info","event":"\u001b[0m21:30:04  Found 17 models, 16 data tests, 7 sources, 506 macros","logger":"airflow.task.hooks.airflow.providers.standard.hooks.subprocess.SubprocessHook"}
{"timestamp":"2026-08-09T21:30:04.641024","level":"info","event":"\u001b[0m21:30:04  [\u001b[33mWARNING\u001b[0m]: The selection criterion 'tag:ai' does not match any enabled nodes","logger":"airflow.task.hooks.airflow.providers.standard.hooks.subprocess.SubprocessHook"}
{"timestamp":"2026-08-09T21:30:04.648086","level":"info","event":"\u001b[0m21:30:04","logger":"airflow.task.hooks.airflow.providers.standard.hooks.subprocess.SubprocessHook"}
{"timestamp":"2026-08-09T21:30:04.651015","level":"info","event":"\u001b[0m21:30:04  Concurrency: 8 threads (target='dev')","logger":"airflow.task.hooks.airflow.providers.standard.hooks.subprocess.SubprocessHook"}
{"timestamp":"2026-08-09T21:30:04.654497","level":"info","event":"\u001b[0m21:30:04","logger":"airflow.task.hooks.airflow.providers.standard.hooks.subprocess.SubprocessHook"}
{"timestamp":"2026-08-09T21:30:06.699066","level":"info","event":"\u001b[0m21:30:06  2 of 33 START sql table model marts.mart_review_insights ....................... [RUN]","logger":"airflow.task.hooks.airflow.providers.standard.hooks.subprocess.SubprocessHook"}
{"timestamp":"2026-08-09T21:30:06.703087","level":"info","event":"\u001b[0m21:30:06  3 of 33 START sql view model staging.stg_food .................................. [RUN]","logger":"airflow.task.hooks.airflow.providers.standard.hooks.subprocess.SubprocessHook"}
{"timestamp":"2026-08-09T21:30:06.705816","level":"info","event":"\u001b[0m21:30:06  4 of 33 START sql view model staging.stg_menu .................................. [RUN]","logger":"airflow.task.hooks.airflow.providers.standard.hooks.subprocess.SubprocessHook"}
{"timestamp":"2026-08-09T21:30:06.708161","level":"info","event":"\u001b[0m21:30:06  5 of 33 START sql view model staging.stg_order_items ........................... [RUN]","logger":"airflow.task.hooks.airflow.providers.standard.hooks.subprocess.SubprocessHook"}
{"timestamp":"2026-08-09T21:30:06.711920","level":"info","event":"\u001b[0m21:30:06  1 of 33 START sql table model marts.dim_date ................................... [RUN]","logger":"airflow.task.hooks.airflow.providers.standard.hooks.subprocess.SubprocessHook"}
{"timestamp":"2026-08-09T21:30:06.716811","level":"info","event":"\u001b[0m21:30:06  6 of 33 START sql view model staging.stg_orders ................................ [RUN]","logger":"airflow.task.hooks.airflow.providers.standard.hooks.subprocess.SubprocessHook"}
{"timestamp":"2026-08-09T21:30:06.724859","level":"info","event":"\u001b[0m21:30:06  7 of 33 START sql view model staging.stg_restaurants ........................... [RUN]","logger":"airflow.task.hooks.airflow.providers.standard.hooks.subprocess.SubprocessHook"}
{"timestamp":"2026-08-09T21:30:06.737180","level":"info","event":"\u001b[0m21:30:06  8 of 33 START sql view model staging.stg_users ................................. [RUN]","logger":"airflow.task.hooks.airflow.providers.standard.hooks.subprocess.SubprocessHook"}
{"timestamp":"2026-08-09T21:30:07.752812","level":"info","event":"\u001b[0m21:30:07  2 of 33 ERROR creating sql table model marts.mart_review_insights .............. [\u001b[31mERROR\u001b[0m in 1.03s]","logger":"airflow.task.hooks.airflow.providers.standard.hooks.subprocess.SubprocessHook"}
{"timestamp":"2026-08-09T21:30:07.885436","level":"info","event":"\u001b[0m21:30:07  7 of 33 OK created sql view model staging.stg_restaurants ...................... [\u001b[32mSUCCESS 1\u001b[0m in 1.11s]","logger":"airflow.task.hooks.airflow.providers.standard.hooks.subprocess.SubprocessHook"}
{"timestamp":"2026-08-09T21:30:07.897834","level":"info","event":"\u001b[0m21:30:07  6 of 33 OK created sql view model staging.stg_orders ........................... [\u001b[32mSUCCESS 1\u001b[0m in 1.13s]","logger":"airflow.task.hooks.airflow.providers.standard.hooks.subprocess.SubprocessHook"}
{"timestamp":"2026-08-09T21:30:07.899417","level":"info","event":"\u001b[0m21:30:07  9 of 33 START test not_null_stg_restaurants_restaurant_id ...................... [RUN]","logger":"airflow.task.hooks.airflow.providers.standard.hooks.subprocess.SubprocessHook"}
{"timestamp":"2026-08-09T21:30:07.901408","level":"info","event":"\u001b[0m21:30:07  10 of 33 START test unique_stg_restaurants_restaurant_id ....................... [RUN]","logger":"airflow.task.hooks.airflow.providers.standard.hooks.subprocess.SubprocessHook"}
{"timestamp":"2026-08-09T21:30:07.917820","level":"info","event":"\u001b[0m21:30:07  11 of 33 START test not_null_stg_orders_customer_id ............................ [RUN]","logger":"airflow.task.hooks.airflow.providers.standard.hooks.subprocess.SubprocessHook"}
{"timestamp":"2026-08-09T21:30:08.027222","level":"info","event":"\u001b[0m21:30:08  8 of 33 OK created sql view model staging.stg_users ............................ [\u001b[32mSUCCESS 1\u001b[0m in 1.24s]","logger":"airflow.task.hooks.airflow.providers.standard.hooks.subprocess.SubprocessHook"}
{"timestamp":"2026-08-09T21:30:08.062691","level":"info","event":"\u001b[0m21:30:08  12 of 33 START test not_null_stg_orders_order_id ............................... [RUN]","logger":"airflow.task.hooks.airflow.providers.standard.hooks.subprocess.SubprocessHook"}
{"timestamp":"2026-08-09T21:30:08.106238","level":"info","event":"\u001b[0m21:30:08  3 of 33 OK created sql view model staging.stg_food ............................. [\u001b[32mSUCCESS 1\u001b[0m in 1.35s]","logger":"airflow.task.hooks.airflow.providers.standard.hooks.subprocess.SubprocessHook"}
{"timestamp":"2026-08-09T21:30:08.150235","level":"info","event":"\u001b[0m21:30:08  13 of 33 START test not_null_stg_orders_restaurant_id .......................... [RUN]","logger":"airflow.task.hooks.airflow.providers.standard.hooks.subprocess.SubprocessHook"}
{"timestamp":"2026-08-09T21:30:08.288199","level":"info","event":"\u001b[0m21:30:08  5 of 33 OK created sql view model staging.stg_order_items ...................... [\u001b[32mSUCCESS 1\u001b[0m in 1.50s]","logger":"airflow.task.hooks.airflow.providers.standard.hooks.subprocess.SubprocessHook"}
{"timestamp":"2026-08-09T21:30:08.304368","level":"info","event":"\u001b[0m21:30:08  4 of 33 OK created sql view model staging.stg_menu ............................. [\u001b[32mSUCCESS 1\u001b[0m in 1.54s]","logger":"airflow.task.hooks.airflow.providers.standard.hooks.subprocess.SubprocessHook"}
{"timestamp":"2026-08-09T21:30:08.318848","level":"info","event":"\u001b[0m21:30:08  14 of 33 START test unique_stg_orders_order_id ................................. [RUN]","logger":"airflow.task.hooks.airflow.providers.standard.hooks.subprocess.SubprocessHook"}
{"timestamp":"2026-08-09T21:30:08.321678","level":"info","event":"\u001b[0m21:30:08  15 of 33 START test not_null_stg_users_customer_id ............................. [RUN]","logger":"airflow.task.hooks.airflow.providers.standard.hooks.subprocess.SubprocessHook"}
{"timestamp":"2026-08-09T21:30:08.393362","level":"info","event":"\u001b[0m21:30:08  1 of 33 OK created sql table model marts.dim_date .............................. [\u001b[32mSUCCESS 1\u001b[0m in 1.63s]","logger":"airflow.task.hooks.airflow.providers.standard.hooks.subprocess.SubprocessHook"}
{"timestamp":"2026-08-09T21:30:08.402645","level":"info","event":"\u001b[0m21:30:08  16 of 33 START test unique_stg_users_customer_id ............................... [RUN]","logger":"airflow.task.hooks.airflow.providers.standard.hooks.subprocess.SubprocessHook"}
{"timestamp":"2026-08-09T21:30:08.857798","level":"info","event":"\u001b[0m21:30:08  9 of 33 PASS not_null_stg_restaurants_restaurant_id ............................ [\u001b[32mPASS\u001b[0m in 0.95s]","logger":"airflow.task.hooks.airflow.providers.standard.hooks.subprocess.SubprocessHook"}
{"timestamp":"2026-08-09T21:30:08.875237","level":"info","event":"\u001b[0m21:30:08  17 of 33 START sql table model marts.dim_food .................................. [RUN]","logger":"airflow.task.hooks.airflow.providers.standard.hooks.subprocess.SubprocessHook"}
{"timestamp":"2026-08-09T21:30:08.876901","level":"info","event":"\u001b[0m21:30:08  11 of 33 PASS not_null_stg_orders_customer_id .................................. [\u001b[32mPASS\u001b[0m in 0.86s]","logger":"airflow.task.hooks.airflow.providers.standard.hooks.subprocess.SubprocessHook"}
{"timestamp":"2026-08-09T21:30:08.888367","level":"info","event":"\u001b[0m21:30:08  18 of 33 START test not_null_stg_order_items_order_item_id ..................... [RUN]","logger":"airflow.task.hooks.airflow.providers.standard.hooks.subprocess.SubprocessHook"}
{"timestamp":"2026-08-09T21:30:09.006961","level":"info","event":"\u001b[0m21:30:09  10 of 33 PASS unique_stg_restaurants_restaurant_id ............................. [\u001b[32mPASS\u001b[0m in 1.10s]","logger":"airflow.task.hooks.airflow.providers.standard.hooks.subprocess.SubprocessHook"}
{"timestamp":"2026-08-09T21:30:09.017457","level":"info","event":"\u001b[0m21:30:09  13 of 33 PASS not_null_stg_orders_restaurant_id ................................ [\u001b[32mPASS\u001b[0m in 0.84s]","logger":"airflow.task.hooks.airflow.providers.standard.hooks.subprocess.SubprocessHook"}
{"timestamp":"2026-08-09T21:30:09.024514","level":"info","event":"\u001b[0m21:30:09  19 of 33 START test unique_stg_order_items_order_item_id ....................... [RUN]","logger":"airflow.task.hooks.airflow.providers.standard.hooks.subprocess.SubprocessHook"}
{"timestamp":"2026-08-09T21:30:09.054984","level":"info","event":"\u001b[0m21:30:09  12 of 33 PASS not_null_stg_orders_order_id ..................................... [\u001b[32mPASS\u001b[0m in 0.99s]","logger":"airflow.task.hooks.airflow.providers.standard.hooks.subprocess.SubprocessHook"}
{"timestamp":"2026-08-09T21:30:09.061896","level":"info","event":"\u001b[0m21:30:09  20 of 33 START sql table model marts.dim_restaurants ........................... [RUN]","logger":"airflow.task.hooks.airflow.providers.standard.hooks.subprocess.SubprocessHook"}
{"timestamp":"2026-08-09T21:30:09.096406","level":"info","event":"\u001b[0m21:30:09  21 of 33 START sql view model staging.stg_reviews .............................. [RUN]","logger":"airflow.task.hooks.airflow.providers.standard.hooks.subprocess.SubprocessHook"}
{"timestamp":"2026-08-09T21:30:09.097733","level":"info","event":"\u001b[0m21:30:09  15 of 33 PASS not_null_stg_users_customer_id ................................... [\u001b[32mPASS\u001b[0m in 0.77s]","logger":"airflow.task.hooks.airflow.providers.standard.hooks.subprocess.SubprocessHook"}
{"timestamp":"2026-08-09T21:30:09.252441","level":"info","event":"\u001b[0m21:30:09  16 of 33 PASS unique_stg_users_customer_id ..................................... [\u001b[32mPASS\u001b[0m in 0.85s]","logger":"airflow.task.hooks.airflow.providers.standard.hooks.subprocess.SubprocessHook"}
{"timestamp":"2026-08-09T21:30:09.272258","level":"info","event":"\u001b[0m21:30:09  14 of 33 PASS unique_stg_orders_order_id ....................................... [\u001b[32mPASS\u001b[0m in 0.95s]","logger":"airflow.task.hooks.airflow.providers.standard.hooks.subprocess.SubprocessHook"}
{"timestamp":"2026-08-09T21:30:09.294202","level":"info","event":"\u001b[0m21:30:09  22 of 33 START sql table model marts.dim_customer .............................. [RUN]","logger":"airflow.task.hooks.airflow.providers.standard.hooks.subprocess.SubprocessHook"}
{"timestamp":"2026-08-09T21:30:09.310468","level":"info","event":"\u001b[0m21:30:09  23 of 33 START sql incremental model marts.fct_orders .......................... [RUN]","logger":"airflow.task.hooks.airflow.providers.standard.hooks.subprocess.SubprocessHook"}
{"timestamp":"2026-08-09T21:30:09.732886","level":"info","event":"\u001b[0m21:30:09  18 of 33 PASS not_null_stg_order_items_order_item_id ........................... [\u001b[32mPASS\u001b[0m in 0.84s]","logger":"airflow.task.hooks.airflow.providers.standard.hooks.subprocess.SubprocessHook"}
{"timestamp":"2026-08-09T21:30:09.977535","level":"info","event":"\u001b[0m21:30:09  21 of 33 OK created sql view model staging.stg_reviews ......................... [\u001b[32mSUCCESS 1\u001b[0m in 0.87s]","logger":"airflow.task.hooks.airflow.providers.standard.hooks.subprocess.SubprocessHook"}
{"timestamp":"2026-08-09T21:30:09.990943","level":"info","event":"\u001b[0m21:30:09  24 of 33 START test not_null_stg_reviews_review_id ............................. [RUN]","logger":"airflow.task.hooks.airflow.providers.standard.hooks.subprocess.SubprocessHook"}
{"timestamp":"2026-08-09T21:30:09.994052","level":"info","event":"\u001b[0m21:30:09  25 of 33 START test unique_stg_reviews_review_id ............................... [RUN]","logger":"airflow.task.hooks.airflow.providers.standard.hooks.subprocess.SubprocessHook"}
{"timestamp":"2026-08-09T21:30:10.196837","level":"info","event":"\u001b[0m21:30:10  19 of 33 PASS unique_stg_order_items_order_item_id ............................. [\u001b[32mPASS\u001b[0m in 1.15s]","logger":"airflow.task.hooks.airflow.providers.standard.hooks.subprocess.SubprocessHook"}
{"timestamp":"2026-08-09T21:30:10.205614","level":"info","event":"\u001b[0m21:30:10  26 of 33 START sql incremental model marts.fact_order_items .................... [RUN]","logger":"airflow.task.hooks.airflow.providers.standard.hooks.subprocess.SubprocessHook"}
{"timestamp":"2026-08-09T21:30:10.538690","level":"info","event":"\u001b[0m21:30:10  20 of 33 OK created sql table model marts.dim_restaurants ...................... [\u001b[32mSUCCESS 1\u001b[0m in 1.45s]","logger":"airflow.task.hooks.airflow.providers.standard.hooks.subprocess.SubprocessHook"}
{"timestamp":"2026-08-09T21:30:10.679087","level":"info","event":"\u001b[0m21:30:10  17 of 33 OK created sql table model marts.dim_food ............................. [\u001b[32mSUCCESS 1\u001b[0m in 1.80s]","logger":"airflow.task.hooks.airflow.providers.standard.hooks.subprocess.SubprocessHook"}
{"timestamp":"2026-08-09T21:30:10.737236","level":"info","event":"\u001b[0m21:30:10  24 of 33 PASS not_null_stg_reviews_review_id ................................... [\u001b[32mPASS\u001b[0m in 0.74s]","logger":"airflow.task.hooks.airflow.providers.standard.hooks.subprocess.SubprocessHook"}
{"timestamp":"2026-08-09T21:30:10.755823","level":"info","event":"\u001b[0m21:30:10  22 of 33 OK created sql table model marts.dim_customer ......................... [\u001b[32mSUCCESS 1\u001b[0m in 1.44s]","logger":"airflow.task.hooks.airflow.providers.standard.hooks.subprocess.SubprocessHook"}
{"timestamp":"2026-08-09T21:30:10.855328","level":"info","event":"\u001b[0m21:30:10  25 of 33 PASS unique_stg_reviews_review_id ..................................... [\u001b[32mPASS\u001b[0m in 0.86s]","logger":"airflow.task.hooks.airflow.providers.standard.hooks.subprocess.SubprocessHook"}
{"timestamp":"2026-08-09T21:30:11.673886","level":"info","event":"\u001b[0m21:30:11  23 of 33 OK created sql incremental model marts.fct_orders ..................... [\u001b[32mSUCCESS 0\u001b[0m in 2.35s]","logger":"airflow.task.hooks.airflow.providers.standard.hooks.subprocess.SubprocessHook"}
{"timestamp":"2026-08-09T21:30:11.683688","level":"info","event":"\u001b[0m21:30:11  27 of 33 START test accepted_values_fct_orders_order_status__Delivered__Cancelled__Refunded  [RUN]","logger":"airflow.task.hooks.airflow.providers.standard.hooks.subprocess.SubprocessHook"}
{"timestamp":"2026-08-09T21:30:11.687079","level":"info","event":"\u001b[0m21:30:11  28 of 33 START test not_null_fct_orders_order_id ............................... [RUN]","logger":"airflow.task.hooks.airflow.providers.standard.hooks.subprocess.SubprocessHook"}
{"timestamp":"2026-08-09T21:30:11.689294","level":"info","event":"\u001b[0m21:30:11  29 of 33 START test relationships_fct_orders_customer_id__customer_id__ref_dim_customer_  [RUN]","logger":"airflow.task.hooks.airflow.providers.standard.hooks.subprocess.SubprocessHook"}
{"timestamp":"2026-08-09T21:30:11.692506","level":"info","event":"\u001b[0m21:30:11  30 of 33 START test unique_fct_orders_order_id ................................. [RUN]","logger":"airflow.task.hooks.airflow.providers.standard.hooks.subprocess.SubprocessHook"}
{"timestamp":"2026-08-09T21:30:12.482037","level":"info","event":"\u001b[0m21:30:12  26 of 33 OK created sql incremental model marts.fact_order_items ............... [\u001b[32mSUCCESS 0\u001b[0m in 2.27s]","logger":"airflow.task.hooks.airflow.providers.standard.hooks.subprocess.SubprocessHook"}
{"timestamp":"2026-08-09T21:30:12.572444","level":"info","event":"\u001b[0m21:30:12  28 of 33 PASS not_null_fct_orders_order_id ..................................... [\u001b[32mPASS\u001b[0m in 0.87s]","logger":"airflow.task.hooks.airflow.providers.standard.hooks.subprocess.SubprocessHook"}
{"timestamp":"2026-08-09T21:30:12.684540","level":"info","event":"\u001b[0m21:30:12  27 of 33 PASS accepted_values_fct_orders_order_status__Delivered__Cancelled__Refunded  [\u001b[32mPASS\u001b[0m in 0.99s]","logger":"airflow.task.hooks.airflow.providers.standard.hooks.subprocess.SubprocessHook"}
{"timestamp":"2026-08-09T21:30:12.778824","level":"info","event":"\u001b[0m21:30:12  29 of 33 PASS relationships_fct_orders_customer_id__customer_id__ref_dim_customer_  [\u001b[32mPASS\u001b[0m in 1.07s]","logger":"airflow.task.hooks.airflow.providers.standard.hooks.subprocess.SubprocessHook"}
{"timestamp":"2026-08-09T21:30:12.802607","level":"info","event":"\u001b[0m21:30:12  30 of 33 PASS unique_fct_orders_order_id ....................................... [\u001b[32mPASS\u001b[0m in 1.09s]","logger":"airflow.task.hooks.airflow.providers.standard.hooks.subprocess.SubprocessHook"}
{"timestamp":"2026-08-09T21:30:12.818546","level":"info","event":"\u001b[0m21:30:12  31 of 33 START sql table model marts.mart_daily_city_revenune .................. [RUN]","logger":"airflow.task.hooks.airflow.providers.standard.hooks.subprocess.SubprocessHook"}
{"timestamp":"2026-08-09T21:30:12.825836","level":"info","event":"\u001b[0m21:30:12  32 of 33 START sql table model marts.mart_delivery_sla ......................... [RUN]","logger":"airflow.task.hooks.airflow.providers.standard.hooks.subprocess.SubprocessHook"}
{"timestamp":"2026-08-09T21:30:12.829932","level":"info","event":"\u001b[0m21:30:12  33 of 33 START sql table model marts.mart_restaurant_performance ............... [RUN]","logger":"airflow.task.hooks.airflow.providers.standard.hooks.subprocess.SubprocessHook"}
{"timestamp":"2026-08-09T21:30:15.353776","level":"info","event":"\u001b[0m21:30:15  31 of 33 OK created sql table model marts.mart_daily_city_revenune ............. [\u001b[32mSUCCESS 1\u001b[0m in 2.52s]","logger":"airflow.task.hooks.airflow.providers.standard.hooks.subprocess.SubprocessHook"}
{"timestamp":"2026-08-09T21:30:15.442355","level":"info","event":"\u001b[0m21:30:15  32 of 33 OK created sql table model marts.mart_delivery_sla .................... [\u001b[32mSUCCESS 1\u001b[0m in 2.60s]","logger":"airflow.task.hooks.airflow.providers.standard.hooks.subprocess.SubprocessHook"}
{"timestamp":"2026-08-09T21:30:15.458506","level":"info","event":"\u001b[0m21:30:15  33 of 33 OK created sql table model marts.mart_restaurant_performance .......... [\u001b[32mSUCCESS 1\u001b[0m in 2.62s]","logger":"airflow.task.hooks.airflow.providers.standard.hooks.subprocess.SubprocessHook"}
{"timestamp":"2026-08-09T21:30:15.499257","level":"info","event":"\u001b[0m21:30:15","logger":"airflow.task.hooks.airflow.providers.standard.hooks.subprocess.SubprocessHook"}
{"timestamp":"2026-08-09T21:30:15.502302","level":"info","event":"\u001b[0m21:30:15  Finished running 2 incremental models, 8 table models, 16 data tests, 7 view models in 0 hours 0 minutes and 10.84 seconds (10.84s).","logger":"airflow.task.hooks.airflow.providers.standard.hooks.subprocess.SubprocessHook"}
{"timestamp":"2026-08-09T21:30:15.784604","level":"info","event":"\u001b[0m21:30:15","logger":"airflow.task.hooks.airflow.providers.standard.hooks.subprocess.SubprocessHook"}
{"timestamp":"2026-08-09T21:30:15.786442","level":"info","event":"\u001b[0m21:30:15  \u001b[31mCompleted with 1 error, 0 partial successes, and 0 warnings:\u001b[0m","logger":"airflow.task.hooks.airflow.providers.standard.hooks.subprocess.SubprocessHook"}
{"timestamp":"2026-08-09T21:30:15.789012","level":"info","event":"\u001b[0m21:30:15","logger":"airflow.task.hooks.airflow.providers.standard.hooks.subprocess.SubprocessHook"}
{"timestamp":"2026-08-09T21:30:15.792358","level":"info","event":"\u001b[0m21:30:15  [\u001b[31mERROR\u001b[0m]: in model mart_review_insights (models/marts/mart_review_insights.sql)","logger":"airflow.task.hooks.airflow.providers.standard.hooks.subprocess.SubprocessHook"}
{"timestamp":"2026-08-09T21:30:15.796060","level":"info","event":"\u001b[0m21:30:15    Database Error in model mart_review_insights (models/marts/mart_review_insights.sql)","logger":"airflow.task.hooks.airflow.providers.standard.hooks.subprocess.SubprocessHook"}
{"timestamp":"2026-08-09T21:30:15.796330","level":"info","event":"  001003 (42000): SQL compilation error:","logger":"airflow.task.hooks.airflow.providers.standard.hooks.subprocess.SubprocessHook"}
{"timestamp":"2026-08-09T21:30:15.796460","level":"info","event":"  syntax error line 4 at position 8 unexpected ')'.","logger":"airflow.task.hooks.airflow.providers.standard.hooks.subprocess.SubprocessHook"}
{"timestamp":"2026-08-09T21:30:15.796549","level":"info","event":"  compiled code at target/run/zomato/models/marts/mart_review_insights.sql","logger":"airflow.task.hooks.airflow.providers.standard.hooks.subprocess.SubprocessHook"}
{"timestamp":"2026-08-09T21:30:15.799046","level":"info","event":"\u001b[0m21:30:15","logger":"airflow.task.hooks.airflow.providers.standard.hooks.subprocess.SubprocessHook"}
{"timestamp":"2026-08-09T21:30:15.801823","level":"info","event":"\u001b[0m21:30:15  Done. PASS=32 WARN=0 ERROR=1 SKIP=0 NO-OP=0 REUSED=0 TOTAL=33","logger":"airflow.task.hooks.airflow.providers.standard.hooks.subprocess.SubprocessHook"}
{"timestamp":"2026-08-09T21:30:17.404226","level":"info","event":"Command exited with return code 1","logger":"airflow.task.hooks.airflow.providers.standard.hooks.subprocess.SubprocessHook"}
{"timestamp":"2026-08-09T21:30:17.404858","level":"error","event":"Task failed with exception","logger":"task","error_detail":[{"exc_type":"AirflowException","exc_value":"Bash command failed. The command returned a non-zero exit code 1.","exc_notes":[],"syntax_error":null,"is_cause":false,"frames":[{"filename":"/home/airflow/.local/lib/python3.12/site-packages/airflow/sdk/execution_time/task_runner.py","lineno":877,"name":"run"},{"filename":"/home/airflow/.local/lib/python3.12/site-packages/airflow/sdk/execution_time/task_runner.py","lineno":1164,"name":"_execute_task"},{"filename":"/home/airflow/.local/lib/python3.12/site-packages/airflow/sdk/bases/operator.py","lineno":397,"name":"wrapper"},{"filename":"/home/airflow/.local/lib/python3.12/site-packages/airflow/providers/standard/operators/bash.py","lineno":232,"name":"execute"}],"is_group":false,"exceptions":[]}]}
